// Jest Snapshot v1, https://goo.gl/fbAQLP

exports[`Say my name, say my name... 1`] = `
<div>
  <h1>
    Hello 
    Michael
  </h1>
</div>
`;
